Running: curl "http://of-route.default.127.0.0.1.sslip.io" -H "Content-Type:application/json" -d '{"app": 2, "batch": 3, "priority": 3}'
Running: curl "http://lenet-route.default.127.0.0.1.sslip.io" -H "Content-Type:application/json" -d '{"app": 0, "batch": 4, "priority": 1}'
Running: curl "http://nimblock-api-alexnet.default.127.0.0.1.sslip.io" -H "Content-Type:application/json" -d '{"app": 5, "batch": 3, "priority": 3}'
Running: curl "http://tdr-route.default.127.0.0.1.sslip.io" -H "Content-Type:application/json" -d '{"app": 4, "batch": 4, "priority": 1}'
Running: curl "http://lenet-route.default.127.0.0.1.sslip.io" -H "Content-Type:application/json" -d '{"app": 0, "batch": 8, "priority": 9}'
Running: curl "http://tdr-route.default.127.0.0.1.sslip.io" -H "Content-Type:application/json" -d '{"app": 4, "batch": 4, "priority": 9}'
Running: curl "http://of-route.default.127.0.0.1.sslip.io" -H "Content-Type:application/json" -d '{"app": 2, "batch": 3, "priority": 1}'
Running: curl "http://lenet-route.default.127.0.0.1.sslip.io" -H "Content-Type:application/json" -d '{"app": 0, "batch": 7, "priority": 1}'
Running: curl "http://lenet-route.default.127.0.0.1.sslip.io" -H "Content-Type:application/json" -d '{"app": 0, "batch": 8, "priority": 1}'
Running: curl "http://nimblock-api-alexnet.default.127.0.0.1.sslip.io" -H "Content-Type:application/json" -d '{"app": 5, "batch": 3, "priority": 9}'
Running: curl "http://nimblock-api-alexnet.default.127.0.0.1.sslip.io" -H "Content-Type:application/json" -d '{"app": 5, "batch": 2, "priority": 1}'
Running: curl "http://of-route.default.127.0.0.1.sslip.io" -H "Content-Type:application/json" -d '{"app": 2, "batch": 2, "priority": 3}'
Running: curl "http://nimblock-api-alexnet.default.127.0.0.1.sslip.io" -H "Content-Type:application/json" -d '{"app": 5, "batch": 3, "priority": 1}'
Running: curl "http://nimblock-api-alexnet.default.127.0.0.1.sslip.io" -H "Content-Type:application/json" -d '{"app": 5, "batch": 1, "priority": 1}'
Running: curl "http://of-route.default.127.0.0.1.sslip.io" -H "Content-Type:application/json" -d '{"app": 2, "batch": 4, "priority": 1}'
Running: curl "http://nimblock-api-knn.default.127.0.0.1.sslip.io" -H "Content-Type:application/json" -d '{"app": 1, "batch": 1, "priority": 9}'
Running: curl "http://lenet-route.default.127.0.0.1.sslip.io" -H "Content-Type:application/json" -d '{"app": 0, "batch": 9, "priority": 1}'
Running: curl "http://ic-route.default.127.0.0.1.sslip.io" -H "Content-Type:application/json" -d '{"app": 3, "batch": 9, "priority": 9}'
Running: curl "http://of-route.default.127.0.0.1.sslip.io" -H "Content-Type:application/json" -d '{"app": 2, "batch": 2, "priority": 1}'
Running: curl "http://lenet-route.default.127.0.0.1.sslip.io" -H "Content-Type:application/json" -d '{"app": 0, "batch": 9, "priority": 1}'
Running: curl "http://nimblock-api-alexnet.default.127.0.0.1.sslip.io" -H "Content-Type:application/json" -d '{"app": 5, "batch": 1, "priority": 1}'
Running: curl "http://of-route.default.127.0.0.1.sslip.io" -H "Content-Type:application/json" -d '{"app": 2, "batch": 8, "priority": 3}'
Running: curl "http://ic-route.default.127.0.0.1.sslip.io" -H "Content-Type:application/json" -d '{"app": 3, "batch": 1, "priority": 1}'
Running: curl "http://tdr-route.default.127.0.0.1.sslip.io" -H "Content-Type:application/json" -d '{"app": 4, "batch": 5, "priority": 3}'
Running: curl "http://of-route.default.127.0.0.1.sslip.io" -H "Content-Type:application/json" -d '{"app": 2, "batch": 1, "priority": 1}'
Running: curl "http://ic-route.default.127.0.0.1.sslip.io" -H "Content-Type:application/json" -d '{"app": 3, "batch": 10, "priority": 1}'
Running: curl "http://nimblock-api-knn.default.127.0.0.1.sslip.io" -H "Content-Type:application/json" -d '{"app": 1, "batch": 1, "priority": 1}'
Running: curl "http://tdr-route.default.127.0.0.1.sslip.io" -H "Content-Type:application/json" -d '{"app": 4, "batch": 5, "priority": 3}'
Running: curl "http://nimblock-api-alexnet.default.127.0.0.1.sslip.io" -H "Content-Type:application/json" -d '{"app": 5, "batch": 2, "priority": 1}'
Running: curl "http://lenet-route.default.127.0.0.1.sslip.io" -H "Content-Type:application/json" -d '{"app": 0, "batch": 7, "priority": 3}'
Running: curl "http://tdr-route.default.127.0.0.1.sslip.io" -H "Content-Type:application/json" -d '{"app": 4, "batch": 4, "priority": 9}'
Running: curl "http://of-route.default.127.0.0.1.sslip.io" -H "Content-Type:application/json" -d '{"app": 2, "batch": 5, "priority": 3}'
Running: curl "http://nimblock-api-alexnet.default.127.0.0.1.sslip.io" -H "Content-Type:application/json" -d '{"app": 5, "batch": 3, "priority": 3}'
Running: curl "http://nimblock-api-alexnet.default.127.0.0.1.sslip.io" -H "Content-Type:application/json" -d '{"app": 5, "batch": 1, "priority": 9}'
Running: curl "http://of-route.default.127.0.0.1.sslip.io" -H "Content-Type:application/json" -d '{"app": 2, "batch": 6, "priority": 9}'
Running: curl "http://nimblock-api-alexnet.default.127.0.0.1.sslip.io" -H "Content-Type:application/json" -d '{"app": 5, "batch": 3, "priority": 1}'
Running: curl "http://nimblock-api-knn.default.127.0.0.1.sslip.io" -H "Content-Type:application/json" -d '{"app": 1, "batch": 1, "priority": 9}'
Running: curl "http://lenet-route.default.127.0.0.1.sslip.io" -H "Content-Type:application/json" -d '{"app": 0, "batch": 9, "priority": 1}'
Running: curl "http://tdr-route.default.127.0.0.1.sslip.io" -H "Content-Type:application/json" -d '{"app": 4, "batch": 5, "priority": 3}'
Running: curl "http://nimblock-api-alexnet.default.127.0.0.1.sslip.io" -H "Content-Type:application/json" -d '{"app": 5, "batch": 3, "priority": 9}'
Running: curl "http://lenet-route.default.127.0.0.1.sslip.io" -H "Content-Type:application/json" -d '{"app": 0, "batch": 5, "priority": 9}'
Running: curl "http://of-route.default.127.0.0.1.sslip.io" -H "Content-Type:application/json" -d '{"app": 2, "batch": 7, "priority": 3}'
Running: curl "http://tdr-route.default.127.0.0.1.sslip.io" -H "Content-Type:application/json" -d '{"app": 4, "batch": 4, "priority": 1}'
Running: curl "http://of-route.default.127.0.0.1.sslip.io" -H "Content-Type:application/json" -d '{"app": 2, "batch": 5, "priority": 3}'
Running: curl "http://nimblock-api-alexnet.default.127.0.0.1.sslip.io" -H "Content-Type:application/json" -d '{"app": 5, "batch": 1, "priority": 3}'
Running: curl "http://ic-route.default.127.0.0.1.sslip.io" -H "Content-Type:application/json" -d '{"app": 3, "batch": 8, "priority": 3}'
Running: curl "http://nimblock-api-alexnet.default.127.0.0.1.sslip.io" -H "Content-Type:application/json" -d '{"app": 5, "batch": 2, "priority": 1}'
Running: curl "http://tdr-route.default.127.0.0.1.sslip.io" -H "Content-Type:application/json" -d '{"app": 4, "batch": 5, "priority": 3}'
Running: curl "http://nimblock-api-knn.default.127.0.0.1.sslip.io" -H "Content-Type:application/json" -d '{"app": 1, "batch": 1, "priority": 1}'
Running: curl "http://tdr-route.default.127.0.0.1.sslip.io" -H "Content-Type:application/json" -d '{"app": 4, "batch": 3, "priority": 3}'
Running: curl "http://nimblock-api-knn.default.127.0.0.1.sslip.io" -H "Content-Type:application/json" -d '{"app": 1, "batch": 1, "priority": 3}'
Running: curl "http://of-route.default.127.0.0.1.sslip.io" -H "Content-Type:application/json" -d '{"app": 2, "batch": 2, "priority": 9}'
Running: curl "http://ic-route.default.127.0.0.1.sslip.io" -H "Content-Type:application/json" -d '{"app": 3, "batch": 10, "priority": 3}'
Running: curl "http://of-route.default.127.0.0.1.sslip.io" -H "Content-Type:application/json" -d '{"app": 2, "batch": 8, "priority": 9}'
Running: curl "http://tdr-route.default.127.0.0.1.sslip.io" -H "Content-Type:application/json" -d '{"app": 4, "batch": 3, "priority": 3}'
Running: curl "http://of-route.default.127.0.0.1.sslip.io" -H "Content-Type:application/json" -d '{"app": 2, "batch": 3, "priority": 3}'
Running: curl "http://tdr-route.default.127.0.0.1.sslip.io" -H "Content-Type:application/json" -d '{"app": 4, "batch": 2, "priority": 9}'
Running: curl "http://ic-route.default.127.0.0.1.sslip.io" -H "Content-Type:application/json" -d '{"app": 3, "batch": 4, "priority": 1}'
Running: curl "http://nimblock-api-alexnet.default.127.0.0.1.sslip.io" -H "Content-Type:application/json" -d '{"app": 5, "batch": 1, "priority": 1}'
Running: curl "http://nimblock-api-alexnet.default.127.0.0.1.sslip.io" -H "Content-Type:application/json" -d '{"app": 5, "batch": 1, "priority": 9}'
Running: curl "http://of-route.default.127.0.0.1.sslip.io" -H "Content-Type:application/json" -d '{"app": 2, "batch": 5, "priority": 1}'
Running: curl "http://nimblock-api-alexnet.default.127.0.0.1.sslip.io" -H "Content-Type:application/json" -d '{"app": 5, "batch": 2, "priority": 1}'
Running: curl "http://lenet-route.default.127.0.0.1.sslip.io" -H "Content-Type:application/json" -d '{"app": 0, "batch": 2, "priority": 9}'
Running: curl "http://of-route.default.127.0.0.1.sslip.io" -H "Content-Type:application/json" -d '{"app": 2, "batch": 10, "priority": 1}'
Running: curl "http://lenet-route.default.127.0.0.1.sslip.io" -H "Content-Type:application/json" -d '{"app": 0, "batch": 5, "priority": 9}'
Running: curl "http://of-route.default.127.0.0.1.sslip.io" -H "Content-Type:application/json" -d '{"app": 2, "batch": 9, "priority": 1}'
Running: curl "http://ic-route.default.127.0.0.1.sslip.io" -H "Content-Type:application/json" -d '{"app": 3, "batch": 2, "priority": 1}'
Running: curl "http://nimblock-api-alexnet.default.127.0.0.1.sslip.io" -H "Content-Type:application/json" -d '{"app": 5, "batch": 1, "priority": 3}'
Running: curl "http://nimblock-api-alexnet.default.127.0.0.1.sslip.io" -H "Content-Type:application/json" -d '{"app": 5, "batch": 3, "priority": 9}'
Running: curl "http://of-route.default.127.0.0.1.sslip.io" -H "Content-Type:application/json" -d '{"app": 2, "batch": 10, "priority": 1}'
Running: curl "http://nimblock-api-knn.default.127.0.0.1.sslip.io" -H "Content-Type:application/json" -d '{"app": 1, "batch": 1, "priority": 1}'
Running: curl "http://of-route.default.127.0.0.1.sslip.io" -H "Content-Type:application/json" -d '{"app": 2, "batch": 9, "priority": 3}'
Running: curl "http://of-route.default.127.0.0.1.sslip.io" -H "Content-Type:application/json" -d '{"app": 2, "batch": 8, "priority": 1}'
Running: curl "http://tdr-route.default.127.0.0.1.sslip.io" -H "Content-Type:application/json" -d '{"app": 4, "batch": 5, "priority": 3}'
Running: curl "http://tdr-route.default.127.0.0.1.sslip.io" -H "Content-Type:application/json" -d '{"app": 4, "batch": 2, "priority": 3}'
Running: curl "http://nimblock-api-alexnet.default.127.0.0.1.sslip.io" -H "Content-Type:application/json" -d '{"app": 5, "batch": 1, "priority": 1}'
Running: curl "http://ic-route.default.127.0.0.1.sslip.io" -H "Content-Type:application/json" -d '{"app": 3, "batch": 4, "priority": 9}'
Running: curl "http://nimblock-api-alexnet.default.127.0.0.1.sslip.io" -H "Content-Type:application/json" -d '{"app": 5, "batch": 3, "priority": 3}'
Running: curl "http://tdr-route.default.127.0.0.1.sslip.io" -H "Content-Type:application/json" -d '{"app": 4, "batch": 4, "priority": 3}'
Running: curl "http://tdr-route.default.127.0.0.1.sslip.io" -H "Content-Type:application/json" -d '{"app": 4, "batch": 3, "priority": 3}'
Running: curl "http://of-route.default.127.0.0.1.sslip.io" -H "Content-Type:application/json" -d '{"app": 2, "batch": 7, "priority": 1}'
Running: curl "http://nimblock-api-knn.default.127.0.0.1.sslip.io" -H "Content-Type:application/json" -d '{"app": 1, "batch": 1, "priority": 1}'
Running: curl "http://of-route.default.127.0.0.1.sslip.io" -H "Content-Type:application/json" -d '{"app": 2, "batch": 8, "priority": 3}'
Running: curl "http://nimblock-api-alexnet.default.127.0.0.1.sslip.io" -H "Content-Type:application/json" -d '{"app": 5, "batch": 3, "priority": 1}'
Running: curl "http://nimblock-api-alexnet.default.127.0.0.1.sslip.io" -H "Content-Type:application/json" -d '{"app": 5, "batch": 3, "priority": 1}'
Running: curl "http://lenet-route.default.127.0.0.1.sslip.io" -H "Content-Type:application/json" -d '{"app": 0, "batch": 5, "priority": 1}'
Running: curl "http://ic-route.default.127.0.0.1.sslip.io" -H "Content-Type:application/json" -d '{"app": 3, "batch": 1, "priority": 1}'
Running: curl "http://of-route.default.127.0.0.1.sslip.io" -H "Content-Type:application/json" -d '{"app": 2, "batch": 5, "priority": 9}'
Running: curl "http://lenet-route.default.127.0.0.1.sslip.io" -H "Content-Type:application/json" -d '{"app": 0, "batch": 7, "priority": 9}'
Running: curl "http://nimblock-api-alexnet.default.127.0.0.1.sslip.io" -H "Content-Type:application/json" -d '{"app": 5, "batch": 3, "priority": 9}'
Running: curl "http://tdr-route.default.127.0.0.1.sslip.io" -H "Content-Type:application/json" -d '{"app": 4, "batch": 2, "priority": 1}'
Running: curl "http://nimblock-api-alexnet.default.127.0.0.1.sslip.io" -H "Content-Type:application/json" -d '{"app": 5, "batch": 1, "priority": 1}'
Running: curl "http://nimblock-api-alexnet.default.127.0.0.1.sslip.io" -H "Content-Type:application/json" -d '{"app": 5, "batch": 1, "priority": 9}'
Running: curl "http://lenet-route.default.127.0.0.1.sslip.io" -H "Content-Type:application/json" -d '{"app": 0, "batch": 2, "priority": 1}'
Running: curl "http://lenet-route.default.127.0.0.1.sslip.io" -H "Content-Type:application/json" -d '{"app": 0, "batch": 5, "priority": 9}'
Running: curl "http://ic-route.default.127.0.0.1.sslip.io" -H "Content-Type:application/json" -d '{"app": 3, "batch": 4, "priority": 9}'
Running: curl "http://lenet-route.default.127.0.0.1.sslip.io" -H "Content-Type:application/json" -d '{"app": 0, "batch": 3, "priority": 1}'
Running: curl "http://nimblock-api-knn.default.127.0.0.1.sslip.io" -H "Content-Type:application/json" -d '{"app": 1, "batch": 1, "priority": 3}'
Running: curl "http://nimblock-api-alexnet.default.127.0.0.1.sslip.io" -H "Content-Type:application/json" -d '{"app": 5, "batch": 3, "priority": 9}'
Running: curl "http://tdr-route.default.127.0.0.1.sslip.io" -H "Content-Type:application/json" -d '{"app": 4, "batch": 2, "priority": 9}'
